// Jest Snapshot v1, https://goo.gl/fbAQLP

exports[`should render ExpenseListItem with eexpenses 1`] = `
<Link
  className="list-item"
  replace={false}
  to="/edit/2"
>
  <div>
    <h1
      className="list-item__title"
    >
      Rent
    </h1>
    <span
      lassName="list-item__sub-title"
    >
      December 27th, 1969
    </span>
  </div>
  <h1
    lassName="list-item__data"
  >
    $1,095.00
  </h1>
</Link>
`;
